// Jest Snapshot v1, https://goo.gl/fbAQLP

exports[`<Header /> rendering renders correctly 1`] = `
<nav
  className="navbar navbar-inverse"
>
  <div
    className="container-fluid"
  >
    <div
      className="row"
    >
      <div
        className="col-md-8"
      >
        <div
          className="navbar-header"
        >
          <a
            className="navbar-brand"
            href="/public"
            onClick={[Function]}
          >
            Phonebank
          </a>
          <button
            className="navbar-toggle collapsed"
            onClick={[Function]}
            type="button"
          >
            <span
              className="sr-only"
            >
              Toggle navigation
            </span>
            <span
              className="icon-bar"
            />
            <span
              className="icon-bar"
            />
            <span
              className="icon-bar"
            />
          </button>
        </div>
      </div>
      <div
        className="col-md-4"
        id="navigation"
      >
        <div
          aria-expanded={null}
          className="navbar-collapse collapse"
        >
          <ul
            className="nav navbar-nav navbar-right"
            role={null}
          >
            <li
              className="dropdown"
              style={undefined}
            >
              <a
                aria-expanded={false}
                aria-haspopup={true}
                className="dropdown-toggle"
                href="#"
                id="menu"
                onClick={[Function]}
                onKeyDown={[Function]}
                role="button"
              >
                Menu
                 
                <span
                  className="caret"
                />
              </a>
              <ul
                aria-labelledby="menu"
                className="dropdown-menu"
                role="menu"
              >
                <li
                  active={undefined}
                  onKeyDown={[Function]}
                  onSelect={[Function]}
                  role="presentation"
                >
                  <a
                    href="/public/registration"
                    onClick={[Function]}
                    role="menuitem"
                    tabIndex="-1"
                  >
                    Register
                  </a>
                </li>
                <li
                  active={undefined}
                  onKeyDown={[Function]}
                  onSelect={[Function]}
                  role="presentation"
                >
                  <a
                    href="/public/login"
                    onClick={[Function]}
                    role="menuitem"
                    tabIndex="-1"
                  >
                    Login
                  </a>
                </li>
              </ul>
            </li>
          </ul>
        </div>
      </div>
    </div>
  </div>
</nav>
`;
