// Jest Snapshot v1, https://goo.gl/fbAQLP

exports[`<Header /> rendering renders correctly 1`] = `
<nav
  className="navbar navbar-default"
>
  <div
    className="container"
  >
    <div
      className="row"
    >
      <div
        className="col-md-4"
      >
        <a
          className="navbar-brand"
          href="/public"
          onClick={[Function]}
        >
          Phonebank
        </a>
      </div>
      <div
        className="col-md-4"
        id="navigation"
      >
        <div
          className="btn-toolbar"
          role="toolbar"
        >
          <div
            className="dropdown btn-group"
          >
            <button
              aria-expanded={false}
              aria-haspopup={true}
              className="dropdown-toggle btn btn-default"
              disabled={false}
              id="menu"
              onClick={[Function]}
              onKeyDown={[Function]}
              role="button"
              type="button"
            >
              Menu
               
              <span
                className="caret"
              />
            </button>
            <ul
              aria-labelledby="menu"
              className="dropdown-menu"
              role="menu"
            >
              <li
                onKeyDown={[Function]}
                onSelect={[Function]}
                role="presentation"
              >
                <a
                  href="/public/registration"
                  onClick={[Function]}
                  role="menuitem"
                  tabIndex="-1"
                >
                  Register
                </a>
              </li>
              <li
                onKeyDown={[Function]}
                onSelect={[Function]}
                role="presentation"
              >
                <a
                  href="/public/login"
                  onClick={[Function]}
                  role="menuitem"
                  tabIndex="-1"
                >
                  Login
                </a>
              </li>
            </ul>
          </div>
        </div>
      </div>
    </div>
  </div>
</nav>
`;
