// Jest Snapshot v1, https://goo.gl/fbAQLP

exports[`<Navigation /> rendering renders correctly 1`] = `
<ul
  className="nav pull-right"
  role={null}
>
  <li
    className="dropdown"
    style={undefined}
  >
    <a
      aria-expanded={false}
      aria-haspopup={true}
      className="dropdown-toggle"
      href="#"
      id="menu"
      onClick={[Function]}
      onKeyDown={[Function]}
      role="button"
    >
      Menu
       
      <span
        className="caret"
      />
    </a>
    <ul
      aria-labelledby="menu"
      className="dropdown-menu"
      role="menu"
    >
      <li
        active={undefined}
        onKeyDown={[Function]}
        onSelect={[Function]}
        role="presentation"
      >
        <a
          href="/registration"
          onClick={[Function]}
          role="menuitem"
          tabIndex="-1"
        >
          Register
        </a>
      </li>
      <li
        active={undefined}
        onKeyDown={[Function]}
        onSelect={[Function]}
        role="presentation"
      >
        <a
          href="/login"
          onClick={[Function]}
          role="menuitem"
          tabIndex="-1"
        >
          Login
        </a>
      </li>
    </ul>
  </li>
</ul>
`;
