// Jest Snapshot v1, https://goo.gl/fbAQLP

exports[`<CreateCampaignContainer /> rendering renders correctly 1`] = `
<div>
  <div
    className="page-header"
  >
    <h1>
      Add Campaign
    </h1>
  </div>
  <form>
    <div
      className="form-group "
    >
      <label
        htmlFor="Name (internal)"
      >
        Name (internal)
        <input
          className="form-control"
          name="name"
          onBlur={[Function]}
          onChange={[Function]}
          onDragStart={[Function]}
          onDrop={[Function]}
          onFocus={[Function]}
          placeholder="Name (internal)"
          size="51"
          type="Name (internal)"
          value=""
        />
      </label>
      <div
        className="text-danger"
      >
        
      </div>
    </div>
    <div
      className="form-group "
    >
      <label
        htmlFor="Title (public)"
      >
        Title (public)
        <input
          className="form-control"
          name="title"
          onBlur={[Function]}
          onChange={[Function]}
          onDragStart={[Function]}
          onDrop={[Function]}
          onFocus={[Function]}
          placeholder="Title (public)"
          size="51"
          type="Title (public)"
          value=""
        />
      </label>
      <div
        className="text-danger"
      >
        
      </div>
    </div>
    <div
      className="row"
    >
      <div
        className="col-xs-5"
      >
        <div
          className="form-group "
        >
          <label
            htmlFor="Description"
          >
            Description
          </label>
          <textarea
            className="form-control"
            cols="50"
            name="description"
            onBlur={[Function]}
            onChange={[Function]}
            onDragStart={[Function]}
            onDrop={[Function]}
            onFocus={[Function]}
            placeholder="Description"
            rows="6"
            value=""
          />
          <div
            className="text-danger"
          >
            
          </div>
        </div>
        <div
          className="row form-group "
        >
          <label
            htmlFor="dropdown-basic-undefined"
          >
            Script
          </label>
          <select
            className="form-control"
            id="dropdown-basic-undefined"
            name="script_id"
            onBlur={[Function]}
            onChange={[Function]}
            onDragStart={[Function]}
            onDrop={[Function]}
            onFocus={[Function]}
            value=""
          >
            <option>
              Select 
              Script
            </option>
          </select>
        </div>
        <button
          className="btn btn-success"
          disabled={false}
          onClick={[Function]}
          type="button"
        >
          Add Script
        </button>
        <div
          className="row form-group "
        >
          <label
            htmlFor="dropdown-basic-undefined"
          >
            Contact List
          </label>
          <select
            className="form-control"
            id="dropdown-basic-undefined"
            name="contact_lists_id"
            onBlur={[Function]}
            onChange={[Function]}
            onDragStart={[Function]}
            onDrop={[Function]}
            onFocus={[Function]}
            value=""
          >
            <option>
              Select 
              Contact List
            </option>
          </select>
        </div>
        <button
          className="btn btn-success"
          disabled={false}
          onClick={[Function]}
          type="button"
        >
          Add Contact List
        </button>
      </div>
    </div>
    <div
      className="btn-toolbar"
      role="toolbar"
    >
      <button
        className="btn btn-primary"
        disabled={false}
        onClick={[Function]}
        type="submit"
      >
        Save as Draft
      </button>
      <button
        className="btn btn-primary"
        disabled={false}
        onClick={[Function]}
        type="submit"
      >
        Start Campaign
      </button>
      <button
        className="btn btn-primary"
        disabled={false}
        onClick={[Function]}
        type="button"
      >
        Cancel
      </button>
    </div>
  </form>
</div>
`;
