// Jest Snapshot v1, https://goo.gl/fbAQLP

exports[`<CreateCampaignContainer /> rendering renders correctly 1`] = `
<div
  className="admin-form row"
>
  <div
    className="col-md-6 col-md-offset-3 col-xs-12"
  >
    <div
      className="page-header"
    >
      <h1>
        Add Campaign
      </h1>
    </div>
    <form>
      <div
        className="row"
      >
        <div
          className="col-xs-12"
        >
          <div
            className="row"
          >
            <div
              className="col-xs-8"
            >
              <div
                className="form-group"
              >
                <label
                  className="control-label"
                  htmlFor={undefined}
                >
                  Name
                </label>
                <span
                  className="help-block"
                >
                  Internal
                </span>
                <input
                  className="form-control"
                  id={undefined}
                  name="name"
                  onBlur={[Function]}
                  onChange={[Function]}
                  onDragStart={[Function]}
                  onDrop={[Function]}
                  onFocus={[Function]}
                  placeholder="Name"
                  type=""
                  value=""
                />
              </div>
            </div>
            <div
              className="col-xs-4"
            >
              
            </div>
          </div>
          <div
            className="row"
          >
            <div
              className="col-xs-8"
            >
              <div
                className="form-group"
              >
                <label
                  className="control-label"
                  htmlFor={undefined}
                >
                  Title
                </label>
                <span
                  className="help-block"
                >
                  Public
                </span>
                <input
                  className="form-control"
                  id={undefined}
                  name="title"
                  onBlur={[Function]}
                  onChange={[Function]}
                  onDragStart={[Function]}
                  onDrop={[Function]}
                  onFocus={[Function]}
                  placeholder="Title"
                  type=""
                  value=""
                />
              </div>
            </div>
            <div
              className="col-xs-4"
            >
              
            </div>
          </div>
          <div
            className="row"
          >
            <div
              className="col-xs-8"
            >
              <div
                className="form-group"
              >
                <label
                  className="control-label"
                  htmlFor={undefined}
                >
                  Description
                </label>
                <textarea
                  className="form-control"
                  id={undefined}
                  name="description"
                  onBlur={[Function]}
                  onChange={[Function]}
                  onDragStart={[Function]}
                  onDrop={[Function]}
                  onFocus={[Function]}
                  placeholder="Description"
                  type=""
                  value=""
                />
              </div>
            </div>
            <div
              className="col-xs-4"
            >
              
            </div>
          </div>
        </div>
      </div>
      <div
        className="row"
      >
        <div
          className="col-md-4"
        >
          <div
            className="form-group "
          >
            <label
              htmlFor="dropdown-basic-undefined"
            >
              Script
            </label>
            <select
              className="form-control"
              id="dropdown-basic-undefined"
              name="script_id"
              onBlur={[Function]}
              onChange={[Function]}
              onDragStart={[Function]}
              onDrop={[Function]}
              onFocus={[Function]}
              value=""
            >
              <option
                hidden={true}
              >
                Select 
                Script
              </option>
            </select>
          </div>
        </div>
        <div
          className="form-add-btn col-md-8"
        >
          <button
            className="btn btn-success"
            disabled={false}
            onClick={[Function]}
            type="button"
          >
            Add Script
          </button>
        </div>
      </div>
      <div
        className="row"
      >
        <div
          className="col-md-4"
        >
          <div
            className="form-group "
          >
            <label
              htmlFor="dropdown-basic-undefined"
            >
              Contact List
            </label>
            <select
              className="form-control"
              id="dropdown-basic-undefined"
              name="contact_lists_id"
              onBlur={[Function]}
              onChange={[Function]}
              onDragStart={[Function]}
              onDrop={[Function]}
              onFocus={[Function]}
              value=""
            >
              <option
                hidden={true}
              >
                Select 
                Contact List
              </option>
            </select>
          </div>
        </div>
        <div
          className="form-add-btn col-md-8"
        >
          <button
            className="btn btn-success"
            disabled={false}
            onClick={[Function]}
            type="button"
          >
            Add Contact List
          </button>
        </div>
      </div>
      <hr />
      <div
        className="row"
      >
        <div
          className="col-xs-12"
        >
          <div
            className="btn-toolbar"
            role="toolbar"
          >
            <button
              className="btn btn-warning"
              disabled={false}
              onClick={[Function]}
              type="submit"
            >
              Save as Draft
            </button>
            <button
              className="btn btn-primary"
              disabled={false}
              onClick={[Function]}
              type="submit"
            >
              Start Campaign
            </button>
            <button
              className="btn btn-default"
              disabled={false}
              onClick={[Function]}
              type="button"
            >
              Cancel
            </button>
          </div>
        </div>
      </div>
    </form>
  </div>
</div>
`;
